$ /usr/local/bin/python db_scripts/train_thp_model.py --epochs 60 --early-stopping-patience 8 --seq-len 21 --forecast-horizon 7 --d-model 96 --layers 2 --heads 4 --lr 0.0007 --batch-size 1024 --dropout 0.1 --weight-decay 0.0003 --target-normalization series_event --target-stat-shrinkage 28.0 --device cuda --output /app/models/thp_sweeps/sweep_20260504_032159_2024_only/trial_08_seq21_d96_l2_lr0p0007_do0p1.pt --dataset-cache /app/models/thp_sweeps/sweep_20260504_032159_2024_only/dataset_seq21_h7_countries50_actors50_cp30_ap30_roots20_codes50.npz --training-log /app/models/thp_sweeps/sweep_20260504_032159_2024_only/trial_08_seq21_d96_l2_lr0p0007_do0p1.jsonl --top-countries 50 --top-actors 50 --top-country-pairs 30 --top-actor-pairs 30 --top-event-roots 20 --top-event-codes 50 --min-series-events 10 --amp
device=cuda
cuda_device=NVIDIA GeForce RTX 3060 Laptop GPU
windows=249504 series=736 dimension_groups=184
global_daily_rows=366
country_count=3
actor_count=50
country_pair_count=30
actor_pair_count=30
event_root_count=20
event_code_count=50
series_preview=['actor:ADMINISTRATION:all', 'actor:ADMINISTRATION:conflict', 'actor:ADMINISTRATION:cooperation', 'actor:ADMINISTRATION:protest', 'actor:AMERICAN:all', 'actor:AMERICAN:conflict', 'actor:AMERICAN:cooperation', 'actor:AMERICAN:protest']
split_strategy=time_based split_day_index=311 train_samples=213440 val_samples=36064
epoch=001 train_loss=0.10441 val_loss=0.18178 val_mae=156.358 val_rmse=978.501 monitor_mae=156.35843
epoch=010 train_loss=-0.03191 val_loss=0.10122 val_mae=104.777 val_rmse=742.870 monitor_mae=104.77724
epoch=020 train_loss=-0.04398 val_loss=0.10667 val_mae=100.639 val_rmse=704.471 monitor_mae=100.63885
epoch=030 train_loss=-0.05237 val_loss=0.12380 val_mae=102.581 val_rmse=699.712 monitor_mae=102.58141
early_stopped epoch=032 best_epoch=024 best_mae=92.21696
metrics neural_thp mae=92.217 rmse=643.150 mape=41.139
metrics naive_last mae=202.133 rmse=1200.802 mape=52.908
metrics moving_avg_7 mae=167.738 rmse=907.720 mape=49.559
metrics empirical_hawkes mae=169.707 rmse=945.941 mape=49.974
saved_checkpoint=/app/models/thp_sweeps/sweep_20260504_032159_2024_only/trial_08_seq21_d96_l2_lr0p0007_do0p1.pt
best_val_loss=0.10487
best_epoch=24
best_mae=92.21696
samples=249504 series=736
label_preview=[('actor:ADMINISTRATION', 'all'), ('actor:ADMINISTRATION', 'all'), ('actor:ADMINISTRATION', 'all')]
$ /usr/local/bin/python db_scripts/calibrate_thp_checkpoint.py --checkpoint /app/models/thp_sweeps/sweep_20260504_032159_2024_only/trial_08_seq21_d96_l2_lr0p0007_do0p1.pt --dataset-cache /app/models/thp_sweeps/sweep_20260504_032159_2024_only/dataset_seq21_h7_countries50_actors50_cp30_ap30_roots20_codes50.npz --batch-size 2048 --device cuda
{
  "raw_mae": 92.23746490478516,
  "raw_rmse": 643.282470703125,
  "calibrated_mae": 90.33404541015625,
  "calibrated_rmse": 636.359130859375,
  "scope_count": 95
}
saved_checkpoint=/app/models/thp_sweeps/sweep_20260504_032159_2024_only/trial_08_seq21_d96_l2_lr0p0007_do0p1.pt
