$ /usr/local/bin/python db_scripts/train_thp_model.py --epochs 60 --early-stopping-patience 8 --seq-len 14 --forecast-horizon 7 --d-model 64 --layers 2 --heads 4 --lr 0.001 --batch-size 1024 --dropout 0.05 --weight-decay 0.0003 --target-normalization series_event --target-stat-shrinkage 28.0 --device cuda --output /app/models/thp_sweeps/sweep_20260504_032159_2024_only/trial_07_seq14_d64_l2_lr0p001_do0p05.pt --dataset-cache /app/models/thp_sweeps/sweep_20260504_032159_2024_only/dataset_seq14_h7_countries50_actors50_cp30_ap30_roots20_codes50.npz --training-log /app/models/thp_sweeps/sweep_20260504_032159_2024_only/trial_07_seq14_d64_l2_lr0p001_do0p05.jsonl --top-countries 50 --top-actors 50 --top-country-pairs 30 --top-actor-pairs 30 --top-event-roots 20 --top-event-codes 50 --min-series-events 10 --amp
device=cuda
cuda_device=NVIDIA GeForce RTX 3060 Laptop GPU
windows=254656 series=736 dimension_groups=184
global_daily_rows=366
country_count=3
actor_count=50
country_pair_count=30
actor_pair_count=30
event_root_count=20
event_code_count=50
series_preview=['actor:ADMINISTRATION:all', 'actor:ADMINISTRATION:conflict', 'actor:ADMINISTRATION:cooperation', 'actor:ADMINISTRATION:protest', 'actor:AMERICAN:all', 'actor:AMERICAN:conflict', 'actor:AMERICAN:cooperation', 'actor:AMERICAN:protest']
split_strategy=time_based split_day_index=311 train_samples=218592 val_samples=36064
epoch=001 train_loss=0.11109 val_loss=0.18558 val_mae=153.303 val_rmse=933.226 monitor_mae=153.30327
epoch=010 train_loss=-0.03317 val_loss=0.09741 val_mae=92.848 val_rmse=682.191 monitor_mae=92.84785
epoch=020 train_loss=-0.04450 val_loss=0.10199 val_mae=86.685 val_rmse=621.726 monitor_mae=86.68517
epoch=030 train_loss=-0.05273 val_loss=0.12002 val_mae=96.425 val_rmse=682.121 monitor_mae=96.42452
early_stopped epoch=031 best_epoch=023 best_mae=85.16267
metrics neural_thp mae=85.163 rmse=622.420 mape=39.381
metrics naive_last mae=202.133 rmse=1200.802 mape=52.908
metrics moving_avg_7 mae=167.738 rmse=907.720 mape=49.559
metrics empirical_hawkes mae=168.444 rmse=947.017 mape=48.926
saved_checkpoint=/app/models/thp_sweeps/sweep_20260504_032159_2024_only/trial_07_seq14_d64_l2_lr0p001_do0p05.pt
best_val_loss=0.10158
best_epoch=23
best_mae=85.16267
samples=254656 series=736
label_preview=[('actor:ADMINISTRATION', 'all'), ('actor:ADMINISTRATION', 'all'), ('actor:ADMINISTRATION', 'all')]
$ /usr/local/bin/python db_scripts/calibrate_thp_checkpoint.py --checkpoint /app/models/thp_sweeps/sweep_20260504_032159_2024_only/trial_07_seq14_d64_l2_lr0p001_do0p05.pt --dataset-cache /app/models/thp_sweeps/sweep_20260504_032159_2024_only/dataset_seq14_h7_countries50_actors50_cp30_ap30_roots20_codes50.npz --batch-size 2048 --device cuda
{
  "raw_mae": 85.15977478027344,
  "raw_rmse": 622.3596801757812,
  "calibrated_mae": 84.25878143310547,
  "calibrated_rmse": 621.1568603515625,
  "scope_count": 95
}
saved_checkpoint=/app/models/thp_sweeps/sweep_20260504_032159_2024_only/trial_07_seq14_d64_l2_lr0p001_do0p05.pt
