$ /usr/local/bin/python db_scripts/train_thp_model.py --epochs 60 --early-stopping-patience 8 --seq-len 30 --forecast-horizon 7 --d-model 64 --layers 2 --heads 4 --lr 0.001 --batch-size 1024 --dropout 0.1 --weight-decay 0.0001 --target-normalization series_event --target-stat-shrinkage 14.0 --device cuda --output /app/models/thp_sweeps/sweep_20260504_032159_2024_only/trial_04_seq30_d64_l2_lr0p001_do0p1.pt --dataset-cache /app/models/thp_sweeps/sweep_20260504_032159_2024_only/dataset_seq30_h7_countries50_actors50_cp30_ap30_roots20_codes50.npz --training-log /app/models/thp_sweeps/sweep_20260504_032159_2024_only/trial_04_seq30_d64_l2_lr0p001_do0p1.jsonl --top-countries 50 --top-actors 50 --top-country-pairs 30 --top-actor-pairs 30 --top-event-roots 20 --top-event-codes 50 --min-series-events 10 --amp
device=cuda
cuda_device=NVIDIA GeForce RTX 3060 Laptop GPU
windows=242880 series=736 dimension_groups=184
global_daily_rows=366
country_count=3
actor_count=50
country_pair_count=30
actor_pair_count=30
event_root_count=20
event_code_count=50
series_preview=['actor:ADMINISTRATION:all', 'actor:ADMINISTRATION:conflict', 'actor:ADMINISTRATION:cooperation', 'actor:ADMINISTRATION:protest', 'actor:AMERICAN:all', 'actor:AMERICAN:conflict', 'actor:AMERICAN:cooperation', 'actor:AMERICAN:protest']
split_strategy=time_based split_day_index=311 train_samples=206816 val_samples=36064
epoch=001 train_loss=0.14641 val_loss=0.23456 val_mae=157.231 val_rmse=968.031 monitor_mae=157.23140
epoch=010 train_loss=-0.01798 val_loss=0.13220 val_mae=107.434 val_rmse=765.195 monitor_mae=107.43430
epoch=020 train_loss=-0.02968 val_loss=0.14942 val_mae=106.342 val_rmse=758.526 monitor_mae=106.34221
epoch=030 train_loss=-0.03833 val_loss=0.15503 val_mae=102.501 val_rmse=732.760 monitor_mae=102.50143
early_stopped epoch=037 best_epoch=029 best_mae=91.13111
metrics neural_thp mae=91.131 rmse=657.837 mape=42.411
metrics naive_last mae=202.133 rmse=1200.802 mape=52.908
metrics moving_avg_7 mae=167.738 rmse=907.720 mape=49.559
metrics empirical_hawkes mae=164.196 rmse=918.392 mape=50.561
saved_checkpoint=/app/models/thp_sweeps/sweep_20260504_032159_2024_only/trial_04_seq30_d64_l2_lr0p001_do0p1.pt
best_val_loss=0.14237
best_epoch=29
best_mae=91.13111
samples=242880 series=736
label_preview=[('actor:ADMINISTRATION', 'all'), ('actor:ADMINISTRATION', 'all'), ('actor:ADMINISTRATION', 'all')]
$ /usr/local/bin/python db_scripts/calibrate_thp_checkpoint.py --checkpoint /app/models/thp_sweeps/sweep_20260504_032159_2024_only/trial_04_seq30_d64_l2_lr0p001_do0p1.pt --dataset-cache /app/models/thp_sweeps/sweep_20260504_032159_2024_only/dataset_seq30_h7_countries50_actors50_cp30_ap30_roots20_codes50.npz --batch-size 2048 --device cuda
{
  "raw_mae": 91.12783813476562,
  "raw_rmse": 657.7711791992188,
  "calibrated_mae": 89.617919921875,
  "calibrated_rmse": 650.98828125,
  "scope_count": 95
}
saved_checkpoint=/app/models/thp_sweeps/sweep_20260504_032159_2024_only/trial_04_seq30_d64_l2_lr0p001_do0p1.pt
