$ /usr/local/bin/python db_scripts/train_thp_model.py --epochs 60 --early-stopping-patience 8 --seq-len 21 --forecast-horizon 7 --d-model 64 --layers 3 --heads 4 --lr 0.0007 --batch-size 1024 --dropout 0.05 --weight-decay 0.0003 --target-normalization series_event --target-stat-shrinkage 7.0 --device cuda --output /app/models/thp_sweeps/sweep_20260504_032159_2024_only/trial_03_seq21_d64_l3_lr0p0007_do0p05.pt --dataset-cache /app/models/thp_sweeps/sweep_20260504_032159_2024_only/dataset_seq21_h7_countries50_actors50_cp30_ap30_roots20_codes50.npz --training-log /app/models/thp_sweeps/sweep_20260504_032159_2024_only/trial_03_seq21_d64_l3_lr0p0007_do0p05.jsonl --top-countries 50 --top-actors 50 --top-country-pairs 30 --top-actor-pairs 30 --top-event-roots 20 --top-event-codes 50 --min-series-events 10 --amp
device=cuda
cuda_device=NVIDIA GeForce RTX 3060 Laptop GPU
windows=249504 series=736 dimension_groups=184
global_daily_rows=366
country_count=3
actor_count=50
country_pair_count=30
actor_pair_count=30
event_root_count=20
event_code_count=50
series_preview=['actor:ADMINISTRATION:all', 'actor:ADMINISTRATION:conflict', 'actor:ADMINISTRATION:cooperation', 'actor:ADMINISTRATION:protest', 'actor:AMERICAN:all', 'actor:AMERICAN:conflict', 'actor:AMERICAN:cooperation', 'actor:AMERICAN:protest']
split_strategy=time_based split_day_index=311 train_samples=213440 val_samples=36064
epoch=001 train_loss=0.17873 val_loss=0.29679 val_mae=177.434 val_rmse=1153.033 monitor_mae=177.43387
epoch=010 train_loss=-0.00381 val_loss=0.16190 val_mae=107.056 val_rmse=744.873 monitor_mae=107.05574
epoch=020 train_loss=-0.02139 val_loss=0.15354 val_mae=95.008 val_rmse=683.076 monitor_mae=95.00787
epoch=030 train_loss=-0.03156 val_loss=0.16782 val_mae=100.333 val_rmse=713.343 monitor_mae=100.33307
early_stopped epoch=030 best_epoch=022 best_mae=89.75013
metrics neural_thp mae=89.750 rmse=645.270 mape=38.426
metrics naive_last mae=202.133 rmse=1200.802 mape=52.908
metrics moving_avg_7 mae=167.738 rmse=907.720 mape=49.559
metrics empirical_hawkes mae=169.707 rmse=945.941 mape=49.974
saved_checkpoint=/app/models/thp_sweeps/sweep_20260504_032159_2024_only/trial_03_seq21_d64_l3_lr0p0007_do0p05.pt
best_val_loss=0.14902
best_epoch=22
best_mae=89.75013
samples=249504 series=736
label_preview=[('actor:ADMINISTRATION', 'all'), ('actor:ADMINISTRATION', 'all'), ('actor:ADMINISTRATION', 'all')]
$ /usr/local/bin/python db_scripts/calibrate_thp_checkpoint.py --checkpoint /app/models/thp_sweeps/sweep_20260504_032159_2024_only/trial_03_seq21_d64_l3_lr0p0007_do0p05.pt --dataset-cache /app/models/thp_sweeps/sweep_20260504_032159_2024_only/dataset_seq21_h7_countries50_actors50_cp30_ap30_roots20_codes50.npz --batch-size 2048 --device cuda
{
  "raw_mae": 89.75204467773438,
  "raw_rmse": 645.328369140625,
  "calibrated_mae": 88.60460662841797,
  "calibrated_rmse": 642.309814453125,
  "scope_count": 95
}
saved_checkpoint=/app/models/thp_sweeps/sweep_20260504_032159_2024_only/trial_03_seq21_d64_l3_lr0p0007_do0p05.pt
