$ /usr/local/bin/python db_scripts/train_thp_model.py --epochs 60 --early-stopping-patience 8 --seq-len 14 --forecast-horizon 7 --d-model 96 --layers 2 --heads 4 --lr 0.0007 --batch-size 1024 --dropout 0.05 --weight-decay 0.0001 --target-normalization series_event --target-stat-shrinkage 28.0 --device cuda --output /app/models/thp_sweeps/sweep_20260504_032159_2024_only/trial_02_seq14_d96_l2_lr0p0007_do0p05.pt --dataset-cache /app/models/thp_sweeps/sweep_20260504_032159_2024_only/dataset_seq14_h7_countries50_actors50_cp30_ap30_roots20_codes50.npz --training-log /app/models/thp_sweeps/sweep_20260504_032159_2024_only/trial_02_seq14_d96_l2_lr0p0007_do0p05.jsonl --top-countries 50 --top-actors 50 --top-country-pairs 30 --top-actor-pairs 30 --top-event-roots 20 --top-event-codes 50 --min-series-events 10 --amp
device=cuda
cuda_device=NVIDIA GeForce RTX 3060 Laptop GPU
windows=254656 series=736 dimension_groups=184
global_daily_rows=366
country_count=3
actor_count=50
country_pair_count=30
actor_pair_count=30
event_root_count=20
event_code_count=50
series_preview=['actor:ADMINISTRATION:all', 'actor:ADMINISTRATION:conflict', 'actor:ADMINISTRATION:cooperation', 'actor:ADMINISTRATION:protest', 'actor:AMERICAN:all', 'actor:AMERICAN:conflict', 'actor:AMERICAN:cooperation', 'actor:AMERICAN:protest']
split_strategy=time_based split_day_index=311 train_samples=218592 val_samples=36064
epoch=001 train_loss=0.10497 val_loss=0.17922 val_mae=152.042 val_rmse=920.544 monitor_mae=152.04221
epoch=010 train_loss=-0.03294 val_loss=0.09886 val_mae=97.069 val_rmse=706.190 monitor_mae=97.06876
epoch=020 train_loss=-0.04520 val_loss=0.10535 val_mae=92.913 val_rmse=658.875 monitor_mae=92.91331
epoch=030 train_loss=-0.05529 val_loss=0.11759 val_mae=99.834 val_rmse=678.390 monitor_mae=99.83389
early_stopped epoch=031 best_epoch=023 best_mae=87.32236
metrics neural_thp mae=87.322 rmse=619.239 mape=38.850
metrics naive_last mae=202.133 rmse=1200.802 mape=52.908
metrics moving_avg_7 mae=167.738 rmse=907.720 mape=49.559
metrics empirical_hawkes mae=168.444 rmse=947.017 mape=48.926
saved_checkpoint=/app/models/thp_sweeps/sweep_20260504_032159_2024_only/trial_02_seq14_d96_l2_lr0p0007_do0p05.pt
best_val_loss=0.10352
best_epoch=23
best_mae=87.32236
samples=254656 series=736
label_preview=[('actor:ADMINISTRATION', 'all'), ('actor:ADMINISTRATION', 'all'), ('actor:ADMINISTRATION', 'all')]
$ /usr/local/bin/python db_scripts/calibrate_thp_checkpoint.py --checkpoint /app/models/thp_sweeps/sweep_20260504_032159_2024_only/trial_02_seq14_d96_l2_lr0p0007_do0p05.pt --dataset-cache /app/models/thp_sweeps/sweep_20260504_032159_2024_only/dataset_seq14_h7_countries50_actors50_cp30_ap30_roots20_codes50.npz --batch-size 2048 --device cuda
{
  "raw_mae": 87.312255859375,
  "raw_rmse": 619.157958984375,
  "calibrated_mae": 85.92422485351562,
  "calibrated_rmse": 614.8983154296875,
  "scope_count": 95
}
saved_checkpoint=/app/models/thp_sweeps/sweep_20260504_032159_2024_only/trial_02_seq14_d96_l2_lr0p0007_do0p05.pt
