2026-04-14 22:54:46,666 | Found 100 CSV shards for import.
2026-04-14 22:54:54,950 | Existing rows before import: 8,388,500
2026-04-14 22:54:54,953 | [1/100] Skipping already-imported file: gdelt_2024_na_000000000000.csv
2026-04-14 22:54:54,955 | [2/100] Skipping already-imported file: gdelt_2024_na_000000000001.csv
2026-04-14 22:54:54,957 | [3/100] Skipping already-imported file: gdelt_2024_na_000000000002.csv
2026-04-14 22:54:54,960 | [4/100] Skipping already-imported file: gdelt_2024_na_000000000003.csv
2026-04-14 22:54:54,962 | [5/100] Skipping already-imported file: gdelt_2024_na_000000000004.csv
2026-04-14 22:54:54,965 | [6/100] Skipping already-imported file: gdelt_2024_na_000000000005.csv
2026-04-14 22:54:54,965 | [7/100] Skipping already-imported file: gdelt_2024_na_000000000006.csv
2026-04-14 22:54:54,966 | [8/100] Skipping already-imported file: gdelt_2024_na_000000000007.csv
2026-04-14 22:54:54,966 | [9/100] Skipping already-imported file: gdelt_2024_na_000000000008.csv
2026-04-14 22:54:54,967 | [10/100] Skipping already-imported file: gdelt_2024_na_000000000009.csv
2026-04-14 22:54:54,967 | [11/100] Skipping already-imported file: gdelt_2024_na_000000000010.csv
2026-04-14 22:54:54,968 | [12/100] Skipping already-imported file: gdelt_2024_na_000000000011.csv
2026-04-14 22:54:54,968 | [13/100] Skipping already-imported file: gdelt_2024_na_000000000012.csv
2026-04-14 22:54:54,969 | [14/100] Skipping already-imported file: gdelt_2024_na_000000000013.csv
2026-04-14 22:54:54,969 | [15/100] Skipping already-imported file: gdelt_2024_na_000000000014.csv
2026-04-14 22:54:54,970 | [16/100] Skipping already-imported file: gdelt_2024_na_000000000015.csv
2026-04-14 22:54:54,970 | [17/100] Skipping already-imported file: gdelt_2024_na_000000000016.csv
2026-04-14 22:54:54,971 | [18/100] Skipping already-imported file: gdelt_2024_na_000000000017.csv
2026-04-14 22:54:54,971 | [19/100] Skipping already-imported file: gdelt_2024_na_000000000018.csv
2026-04-14 22:54:54,972 | [20/100] Skipping already-imported file: gdelt_2024_na_000000000019.csv
2026-04-14 22:54:54,973 | [21/100] Skipping already-imported file: gdelt_2024_na_000000000020.csv
2026-04-14 22:54:54,973 | [22/100] Skipping already-imported file: gdelt_2024_na_000000000021.csv
2026-04-14 22:54:54,974 | [23/100] Skipping already-imported file: gdelt_2024_na_000000000022.csv
2026-04-14 22:54:54,974 | [24/100] Skipping already-imported file: gdelt_2024_na_000000000023.csv
2026-04-14 22:54:54,975 | [25/100] Skipping already-imported file: gdelt_2024_na_000000000024.csv
2026-04-14 22:54:54,975 | [26/100] Skipping already-imported file: gdelt_2024_na_000000000025.csv
2026-04-14 22:54:54,976 | [27/100] Skipping already-imported file: gdelt_2024_na_000000000026.csv
2026-04-14 22:54:54,976 | [28/100] Skipping already-imported file: gdelt_2024_na_000000000027.csv
2026-04-14 22:54:54,977 | [29/100] Skipping already-imported file: gdelt_2024_na_000000000028.csv
2026-04-14 22:54:54,977 | [30/100] Skipping already-imported file: gdelt_2024_na_000000000029.csv
2026-04-14 22:54:54,978 | [31/100] Skipping already-imported file: gdelt_2024_na_000000000030.csv
2026-04-14 22:54:54,978 | [32/100] Skipping already-imported file: gdelt_2024_na_000000000031.csv
2026-04-14 22:54:54,978 | [33/100] Skipping already-imported file: gdelt_2024_na_000000000032.csv
2026-04-14 22:54:54,979 | [34/100] Skipping already-imported file: gdelt_2024_na_000000000033.csv
2026-04-14 22:54:54,979 | [35/100] Skipping already-imported file: gdelt_2024_na_000000000034.csv
2026-04-14 22:54:54,980 | [36/100] Skipping already-imported file: gdelt_2024_na_000000000035.csv
2026-04-14 22:54:54,980 | [37/100] Skipping already-imported file: gdelt_2024_na_000000000036.csv
2026-04-14 22:54:54,981 | [38/100] Skipping already-imported file: gdelt_2024_na_000000000037.csv
2026-04-14 22:54:54,981 | [39/100] Skipping already-imported file: gdelt_2024_na_000000000038.csv
2026-04-14 22:54:54,982 | [40/100] Skipping already-imported file: gdelt_2024_na_000000000039.csv
2026-04-14 22:54:54,982 | [41/100] Skipping already-imported file: gdelt_2024_na_000000000040.csv
2026-04-14 22:54:54,983 | [42/100] Skipping already-imported file: gdelt_2024_na_000000000041.csv
2026-04-14 22:54:54,983 | [43/100] Skipping already-imported file: gdelt_2024_na_000000000042.csv
2026-04-14 22:54:54,984 | [44/100] Skipping already-imported file: gdelt_2024_na_000000000043.csv
2026-04-14 22:54:54,984 | [45/100] Skipping already-imported file: gdelt_2024_na_000000000044.csv
2026-04-14 22:54:54,985 | [46/100] Skipping already-imported file: gdelt_2024_na_000000000045.csv
2026-04-14 22:54:54,985 | [47/100] Skipping already-imported file: gdelt_2024_na_000000000046.csv
2026-04-14 22:54:54,986 | [48/100] Skipping already-imported file: gdelt_2024_na_000000000047.csv
2026-04-14 22:54:55,011 | [49/100] Importing gdelt_2024_na_000000000048.csv (174,438 rows)
2026-04-14 22:55:37,375 | [50/100] Importing gdelt_2024_na_000000000049.csv (174,587 rows)
2026-04-14 22:56:18,704 | [51/100] Importing gdelt_2024_na_000000000050.csv (175,258 rows)
2026-04-14 22:56:59,892 | [52/100] Importing gdelt_2024_na_000000000051.csv (174,536 rows)
2026-04-14 22:57:40,754 | [53/100] Importing gdelt_2024_na_000000000052.csv (175,997 rows)
2026-04-14 22:58:20,498 | [54/100] Importing gdelt_2024_na_000000000053.csv (174,538 rows)
2026-04-14 22:58:59,839 | [55/100] Importing gdelt_2024_na_000000000054.csv (175,402 rows)
2026-04-14 22:59:39,321 | [56/100] Importing gdelt_2024_na_000000000055.csv (174,356 rows)
2026-04-14 23:00:18,744 | [57/100] Importing gdelt_2024_na_000000000056.csv (175,031 rows)
2026-04-14 23:00:58,231 | [58/100] Importing gdelt_2024_na_000000000057.csv (175,477 rows)
2026-04-14 23:01:37,859 | [59/100] Importing gdelt_2024_na_000000000058.csv (175,430 rows)
2026-04-14 23:02:17,462 | [60/100] Importing gdelt_2024_na_000000000059.csv (174,321 rows)
2026-04-14 23:02:56,794 | [61/100] Importing gdelt_2024_na_000000000060.csv (174,863 rows)
2026-04-14 23:03:36,529 | [62/100] Importing gdelt_2024_na_000000000061.csv (175,513 rows)
2026-04-14 23:04:30,038 | [63/100] Importing gdelt_2024_na_000000000062.csv (174,694 rows)
2026-04-14 23:05:28,682 | [64/100] Importing gdelt_2024_na_000000000063.csv (174,544 rows)
2026-04-14 23:06:44,288 | [65/100] Importing gdelt_2024_na_000000000064.csv (174,534 rows)
2026-04-14 23:08:00,850 | [66/100] Importing gdelt_2024_na_000000000065.csv (174,738 rows)
2026-04-14 23:09:14,232 | [67/100] Importing gdelt_2024_na_000000000066.csv (174,501 rows)
2026-04-14 23:10:28,467 | [68/100] Importing gdelt_2024_na_000000000067.csv (173,937 rows)
2026-04-14 23:11:48,485 | [69/100] Importing gdelt_2024_na_000000000068.csv (174,781 rows)
2026-04-14 23:13:04,794 | [70/100] Importing gdelt_2024_na_000000000069.csv (175,403 rows)
2026-04-14 23:14:21,483 | [71/100] Importing gdelt_2024_na_000000000070.csv (175,761 rows)
2026-04-14 23:15:51,521 | [72/100] Importing gdelt_2024_na_000000000071.csv (175,344 rows)
2026-04-14 23:17:08,864 | [73/100] Importing gdelt_2024_na_000000000072.csv (174,831 rows)
2026-04-14 23:18:35,209 | [74/100] Importing gdelt_2024_na_000000000073.csv (174,452 rows)
2026-04-14 23:19:53,390 | [75/100] Importing gdelt_2024_na_000000000074.csv (175,327 rows)
2026-04-14 23:21:19,962 | [76/100] Importing gdelt_2024_na_000000000075.csv (174,512 rows)
2026-04-14 23:22:32,350 | [77/100] Importing gdelt_2024_na_000000000076.csv (175,044 rows)
2026-04-14 23:23:50,416 | [78/100] Importing gdelt_2024_na_000000000077.csv (174,557 rows)
2026-04-14 23:25:14,782 | [79/100] Importing gdelt_2024_na_000000000078.csv (174,458 rows)
2026-04-14 23:26:24,748 | [80/100] Importing gdelt_2024_na_000000000079.csv (174,873 rows)
2026-04-14 23:27:32,576 | [81/100] Importing gdelt_2024_na_000000000080.csv (174,370 rows)
2026-04-14 23:28:49,494 | [82/100] Importing gdelt_2024_na_000000000081.csv (174,728 rows)
2026-04-14 23:30:03,797 | [83/100] Importing gdelt_2024_na_000000000082.csv (174,720 rows)
2026-04-14 23:31:23,002 | [84/100] Importing gdelt_2024_na_000000000083.csv (175,527 rows)
2026-04-14 23:32:46,082 | [85/100] Importing gdelt_2024_na_000000000084.csv (175,012 rows)
2026-04-14 23:34:02,520 | [86/100] Importing gdelt_2024_na_000000000085.csv (175,656 rows)
2026-04-14 23:35:16,398 | [87/100] Importing gdelt_2024_na_000000000086.csv (174,444 rows)
2026-04-14 23:36:31,620 | [88/100] Importing gdelt_2024_na_000000000087.csv (175,112 rows)
2026-04-14 23:37:40,282 | [89/100] Importing gdelt_2024_na_000000000088.csv (174,721 rows)
2026-04-14 23:38:56,422 | [90/100] Importing gdelt_2024_na_000000000089.csv (175,414 rows)
2026-04-14 23:40:18,657 | [91/100] Importing gdelt_2024_na_000000000090.csv (174,848 rows)
2026-04-14 23:41:29,388 | [92/100] Importing gdelt_2024_na_000000000091.csv (174,458 rows)
2026-04-14 23:42:46,385 | [93/100] Importing gdelt_2024_na_000000000092.csv (174,692 rows)
2026-04-14 23:44:06,858 | [94/100] Importing gdelt_2024_na_000000000093.csv (174,865 rows)
2026-04-14 23:45:16,932 | [95/100] Importing gdelt_2024_na_000000000094.csv (174,876 rows)
2026-04-14 23:46:24,528 | [96/100] Importing gdelt_2024_na_000000000095.csv (174,242 rows)
2026-04-14 23:47:41,336 | [97/100] Importing gdelt_2024_na_000000000096.csv (174,232 rows)
2026-04-14 23:48:54,825 | [98/100] Importing gdelt_2024_na_000000000097.csv (174,374 rows)
2026-04-14 23:50:28,026 | [99/100] Importing gdelt_2024_na_000000000098.csv (174,371 rows)
2026-04-14 23:51:47,305 | [100/100] Importing gdelt_2024_na_000000000099.csv (175,036 rows)
2026-04-14 23:53:05,496 | Rebuilding spatial index after import.
