device=cuda
cuda_device=NVIDIA GeForce RTX 3060 Laptop GPU
windows=137280 series=416 dimension_groups=104
global_daily_rows=366
country_count=3
actor_count=50
country_pair_count=30
event_root_count=20
series_preview=['actor:AMERICAN:all', 'actor:AMERICAN:conflict', 'actor:AMERICAN:cooperation', 'actor:AMERICAN:protest', 'actor:ATTORNEY:all', 'actor:ATTORNEY:conflict', 'actor:ATTORNEY:cooperation', 'actor:ATTORNEY:protest']
split_strategy=time_based split_day_index=311 train_samples=116896 val_samples=20384
epoch=001 train_loss=0.11311 val_loss=0.04437
epoch=010 train_loss=0.03581 val_loss=0.04114
epoch=020 train_loss=0.03427 val_loss=0.04202
epoch=030 train_loss=0.03318 val_loss=0.04209
epoch=040 train_loss=0.03189 val_loss=0.04280
epoch=050 train_loss=0.03079 val_loss=0.04356
epoch=060 train_loss=0.02993 val_loss=0.04380
epoch=070 train_loss=0.02936 val_loss=0.04478
epoch=080 train_loss=0.02893 val_loss=0.04429
metrics neural_thp mae=236.363 rmse=1431.357 mape=49.426
metrics naive_last mae=277.086 rmse=1577.944 mape=64.782
metrics moving_avg_7 mae=230.605 rmse=1192.797 mape=62.392
metrics empirical_hawkes mae=225.586 rmse=1206.832 mape=63.974
saved_checkpoint=/app/models/thp_gdelt.pt
best_val_loss=0.03993
samples=137280 series=416
label_preview=[('actor:AMERICAN', 'all'), ('actor:AMERICAN', 'all'), ('actor:AMERICAN', 'all')]
